Archive member included to satisfy reference by file (symbol)

c:/program files (x86)/gnu arm embedded toolchain/9 2020-q2-update/bin/../lib/gcc/arm-none-eabi/9.3.1/../../../../arm-none-eabi/lib/thumb/v7-m/nofp\libc_nano.a(lib_a-exit.o)
                              c:/program files (x86)/gnu arm embedded toolchain/9 2020-q2-update/bin/../lib/gcc/arm-none-eabi/9.3.1/../../../../arm-none-eabi/lib/thumb/v7-m/nofp/crt0.o (exit)
c:/program files (x86)/gnu arm embedded toolchain/9 2020-q2-update/bin/../lib/gcc/arm-none-eabi/9.3.1/../../../../arm-none-eabi/lib/thumb/v7-m/nofp\libc_nano.a(lib_a-impure.o)
                              c:/program files (x86)/gnu arm embedded toolchain/9 2020-q2-update/bin/../lib/gcc/arm-none-eabi/9.3.1/../../../../arm-none-eabi/lib/thumb/v7-m/nofp\libc_nano.a(lib_a-exit.o) (_global_impure_ptr)
c:/program files (x86)/gnu arm embedded toolchain/9 2020-q2-update/bin/../lib/gcc/arm-none-eabi/9.3.1/../../../../arm-none-eabi/lib/thumb/v7-m/nofp\libc_nano.a(lib_a-init.o)
                              c:/program files (x86)/gnu arm embedded toolchain/9 2020-q2-update/bin/../lib/gcc/arm-none-eabi/9.3.1/../../../../arm-none-eabi/lib/thumb/v7-m/nofp/crt0.o (__libc_init_array)
c:/program files (x86)/gnu arm embedded toolchain/9 2020-q2-update/bin/../lib/gcc/arm-none-eabi/9.3.1/../../../../arm-none-eabi/lib/thumb/v7-m/nofp\libc_nano.a(lib_a-memset.o)
                              c:/program files (x86)/gnu arm embedded toolchain/9 2020-q2-update/bin/../lib/gcc/arm-none-eabi/9.3.1/../../../../arm-none-eabi/lib/thumb/v7-m/nofp/crt0.o (memset)
c:/program files (x86)/gnu arm embedded toolchain/9 2020-q2-update/bin/../lib/gcc/arm-none-eabi/9.3.1/../../../../arm-none-eabi/lib/thumb/v7-m/nofp\libnosys.a(_exit.o)
                              c:/program files (x86)/gnu arm embedded toolchain/9 2020-q2-update/bin/../lib/gcc/arm-none-eabi/9.3.1/../../../../arm-none-eabi/lib/thumb/v7-m/nofp\libc_nano.a(lib_a-exit.o) (_exit)

Discarded input sections

 .text          0x00000000        0x0 c:/program files (x86)/gnu arm embedded toolchain/9 2020-q2-update/bin/../lib/gcc/arm-none-eabi/9.3.1/thumb/v7-m/nofp/crti.o
 .data          0x00000000        0x0 c:/program files (x86)/gnu arm embedded toolchain/9 2020-q2-update/bin/../lib/gcc/arm-none-eabi/9.3.1/thumb/v7-m/nofp/crti.o
 .bss           0x00000000        0x0 c:/program files (x86)/gnu arm embedded toolchain/9 2020-q2-update/bin/../lib/gcc/arm-none-eabi/9.3.1/thumb/v7-m/nofp/crti.o
 .data          0x00000000        0x4 c:/program files (x86)/gnu arm embedded toolchain/9 2020-q2-update/bin/../lib/gcc/arm-none-eabi/9.3.1/thumb/v7-m/nofp/crtbegin.o
 .text          0x00000000       0x7c c:/program files (x86)/gnu arm embedded toolchain/9 2020-q2-update/bin/../lib/gcc/arm-none-eabi/9.3.1/../../../../arm-none-eabi/lib/thumb/v7-m/nofp/crt0.o
 .data          0x00000000        0x0 c:/program files (x86)/gnu arm embedded toolchain/9 2020-q2-update/bin/../lib/gcc/arm-none-eabi/9.3.1/../../../../arm-none-eabi/lib/thumb/v7-m/nofp/crt0.o
 .bss           0x00000000        0x0 c:/program files (x86)/gnu arm embedded toolchain/9 2020-q2-update/bin/../lib/gcc/arm-none-eabi/9.3.1/../../../../arm-none-eabi/lib/thumb/v7-m/nofp/crt0.o
 .ARM.extab     0x00000000        0x0 c:/program files (x86)/gnu arm embedded toolchain/9 2020-q2-update/bin/../lib/gcc/arm-none-eabi/9.3.1/../../../../arm-none-eabi/lib/thumb/v7-m/nofp/crt0.o
 .ARM.exidx     0x00000000       0x10 c:/program files (x86)/gnu arm embedded toolchain/9 2020-q2-update/bin/../lib/gcc/arm-none-eabi/9.3.1/../../../../arm-none-eabi/lib/thumb/v7-m/nofp/crt0.o
 .ARM.attributes
                0x00000000       0x1b c:/program files (x86)/gnu arm embedded toolchain/9 2020-q2-update/bin/../lib/gcc/arm-none-eabi/9.3.1/../../../../arm-none-eabi/lib/thumb/v7-m/nofp/crt0.o
 .text          0x00000000        0x0 build/main.o
 .data          0x00000000        0x0 build/main.o
 .bss           0x00000000        0x0 build/main.o
 .text          0x00000000        0x0 build/stm32f10x_it.o
 .data          0x00000000        0x0 build/stm32f10x_it.o
 .bss           0x00000000        0x0 build/stm32f10x_it.o
 .text          0x00000000        0x0 build/stm32f10x_rcc.o
 .data          0x00000000        0x0 build/stm32f10x_rcc.o
 .bss           0x00000000        0x0 build/stm32f10x_rcc.o
 .text.RCC_DeInit
                0x00000000       0x40 build/stm32f10x_rcc.o
 .text.RCC_HSEConfig
                0x00000000       0x3c build/stm32f10x_rcc.o
 .text.RCC_AdjustHSICalibrationValue
                0x00000000       0x14 build/stm32f10x_rcc.o
 .text.RCC_HSICmd
                0x00000000        0xc build/stm32f10x_rcc.o
 .text.RCC_PLLConfig
                0x00000000       0x14 build/stm32f10x_rcc.o
 .text.RCC_PLLCmd
                0x00000000        0xc build/stm32f10x_rcc.o
 .text.RCC_SYSCLKConfig
                0x00000000       0x14 build/stm32f10x_rcc.o
 .text.RCC_GetSYSCLKSource
                0x00000000       0x10 build/stm32f10x_rcc.o
 .text.RCC_HCLKConfig
                0x00000000       0x14 build/stm32f10x_rcc.o
 .text.RCC_PCLK1Config
                0x00000000       0x14 build/stm32f10x_rcc.o
 .text.RCC_PCLK2Config
                0x00000000       0x14 build/stm32f10x_rcc.o
 .text.RCC_ITConfig
                0x00000000       0x1c build/stm32f10x_rcc.o
 .text.RCC_USBCLKConfig
                0x00000000        0xc build/stm32f10x_rcc.o
 .text.RCC_ADCCLKConfig
                0x00000000       0x14 build/stm32f10x_rcc.o
 .text.RCC_LSEConfig
                0x00000000       0x28 build/stm32f10x_rcc.o
 .text.RCC_LSICmd
                0x00000000        0xc build/stm32f10x_rcc.o
 .text.RCC_RTCCLKConfig
                0x00000000       0x10 build/stm32f10x_rcc.o
 .text.RCC_RTCCLKCmd
                0x00000000        0xc build/stm32f10x_rcc.o
 .text.RCC_GetClocksFreq
                0x00000000       0xbc build/stm32f10x_rcc.o
 .text.RCC_AHBPeriphClockCmd
                0x00000000       0x1c build/stm32f10x_rcc.o
 .text.RCC_APB1PeriphClockCmd
                0x00000000       0x1c build/stm32f10x_rcc.o
 .text.RCC_APB2PeriphResetCmd
                0x00000000       0x1c build/stm32f10x_rcc.o
 .text.RCC_APB1PeriphResetCmd
                0x00000000       0x1c build/stm32f10x_rcc.o
 .text.RCC_BackupResetCmd
                0x00000000        0xc build/stm32f10x_rcc.o
 .text.RCC_ClockSecuritySystemCmd
                0x00000000        0xc build/stm32f10x_rcc.o
 .text.RCC_MCOConfig
                0x00000000        0xc build/stm32f10x_rcc.o
 .text.RCC_GetFlagStatus
                0x00000000       0x34 build/stm32f10x_rcc.o
 .text.RCC_WaitForHSEStartUp
                0x00000000       0x30 build/stm32f10x_rcc.o
 .text.RCC_ClearFlag
                0x00000000       0x10 build/stm32f10x_rcc.o
 .text.RCC_GetITStatus
                0x00000000       0x14 build/stm32f10x_rcc.o
 .text.RCC_ClearITPendingBit
                0x00000000        0xc build/stm32f10x_rcc.o
 .data.ADCPrescTable
                0x00000000        0x4 build/stm32f10x_rcc.o
 .data.APBAHBPrescTable
                0x00000000       0x10 build/stm32f10x_rcc.o
 .text          0x00000000        0x0 build/stm32f10x_gpio.o
 .data          0x00000000        0x0 build/stm32f10x_gpio.o
 .bss           0x00000000        0x0 build/stm32f10x_gpio.o
 .text.GPIO_DeInit
                0x00000000       0xcc build/stm32f10x_gpio.o
 .text.GPIO_AFIODeInit
                0x00000000       0x14 build/stm32f10x_gpio.o
 .text.GPIO_StructInit
                0x00000000       0x10 build/stm32f10x_gpio.o
 .text.GPIO_ReadInputDataBit
                0x00000000        0xe build/stm32f10x_gpio.o
 .text.GPIO_ReadInputData
                0x00000000        0x6 build/stm32f10x_gpio.o
 .text.GPIO_ReadOutputData
                0x00000000        0x6 build/stm32f10x_gpio.o
 .text.GPIO_ResetBits
                0x00000000        0x4 build/stm32f10x_gpio.o
 .text.GPIO_Write
                0x00000000        0x4 build/stm32f10x_gpio.o
 .text.GPIO_PinLockConfig
                0x00000000       0x10 build/stm32f10x_gpio.o
 .text.GPIO_EventOutputConfig
                0x00000000       0x1c build/stm32f10x_gpio.o
 .text.GPIO_EventOutputCmd
                0x00000000        0xc build/stm32f10x_gpio.o
 .text.GPIO_PinRemapConfig
                0x00000000       0x78 build/stm32f10x_gpio.o
 .text.GPIO_EXTILineConfig
                0x00000000       0x38 build/stm32f10x_gpio.o
 .text.GPIO_ETH_MediaInterfaceConfig
                0x00000000        0xc build/stm32f10x_gpio.o
 .text          0x00000000        0x0 build/stm32f10x_exti.o
 .data          0x00000000        0x0 build/stm32f10x_exti.o
 .bss           0x00000000        0x0 build/stm32f10x_exti.o
 .text.EXTI_DeInit
                0x00000000       0x1c build/stm32f10x_exti.o
 .text.EXTI_Init
                0x00000000       0x8c build/stm32f10x_exti.o
 .text.EXTI_StructInit
                0x00000000        0xe build/stm32f10x_exti.o
 .text.EXTI_GenerateSWInterrupt
                0x00000000       0x10 build/stm32f10x_exti.o
 .text.EXTI_GetFlagStatus
                0x00000000       0x14 build/stm32f10x_exti.o
 .text.EXTI_ClearFlag
                0x00000000        0xc build/stm32f10x_exti.o
 .text.EXTI_GetITStatus
                0x00000000       0x20 build/stm32f10x_exti.o
 .text.EXTI_ClearITPendingBit
                0x00000000        0xc build/stm32f10x_exti.o
 .debug_info    0x00000000      0x3e3 build/stm32f10x_exti.o
 .debug_abbrev  0x00000000      0x1c6 build/stm32f10x_exti.o
 .debug_loc     0x00000000      0x1c1 build/stm32f10x_exti.o
 .debug_aranges
                0x00000000       0x58 build/stm32f10x_exti.o
 .debug_ranges  0x00000000       0x48 build/stm32f10x_exti.o
 .debug_line    0x00000000      0x3fc build/stm32f10x_exti.o
 .debug_str     0x00000000      0x380 build/stm32f10x_exti.o
 .comment       0x00000000       0x4d build/stm32f10x_exti.o
 .debug_frame   0x00000000       0xa0 build/stm32f10x_exti.o
 .ARM.attributes
                0x00000000       0x2d build/stm32f10x_exti.o
 .text          0x00000000        0x0 build/system_stm32f10x.o
 .data          0x00000000        0x0 build/system_stm32f10x.o
 .bss           0x00000000        0x0 build/system_stm32f10x.o
 .text.SystemCoreClockUpdate
                0x00000000       0x94 build/system_stm32f10x.o
 .data.AHBPrescTable
                0x00000000       0x10 build/system_stm32f10x.o
 .text          0x00000000       0x14 build/startup_stm32f10x_md.o
 .data          0x00000000        0x0 build/startup_stm32f10x_md.o
 .bss           0x00000000        0x0 build/startup_stm32f10x_md.o
 .text          0x00000000        0x0 c:/program files (x86)/gnu arm embedded toolchain/9 2020-q2-update/bin/../lib/gcc/arm-none-eabi/9.3.1/../../../../arm-none-eabi/lib/thumb/v7-m/nofp\libc_nano.a(lib_a-exit.o)
 .data          0x00000000        0x0 c:/program files (x86)/gnu arm embedded toolchain/9 2020-q2-update/bin/../lib/gcc/arm-none-eabi/9.3.1/../../../../arm-none-eabi/lib/thumb/v7-m/nofp\libc_nano.a(lib_a-exit.o)
 .bss           0x00000000        0x0 c:/program files (x86)/gnu arm embedded toolchain/9 2020-q2-update/bin/../lib/gcc/arm-none-eabi/9.3.1/../../../../arm-none-eabi/lib/thumb/v7-m/nofp\libc_nano.a(lib_a-exit.o)
 .text.exit     0x00000000       0x28 c:/program files (x86)/gnu arm embedded toolchain/9 2020-q2-update/bin/../lib/gcc/arm-none-eabi/9.3.1/../../../../arm-none-eabi/lib/thumb/v7-m/nofp\libc_nano.a(lib_a-exit.o)
 .debug_frame   0x00000000       0x28 c:/program files (x86)/gnu arm embedded toolchain/9 2020-q2-update/bin/../lib/gcc/arm-none-eabi/9.3.1/../../../../arm-none-eabi/lib/thumb/v7-m/nofp\libc_nano.a(lib_a-exit.o)
 .ARM.attributes
                0x00000000       0x2d c:/program files (x86)/gnu arm embedded toolchain/9 2020-q2-update/bin/../lib/gcc/arm-none-eabi/9.3.1/../../../../arm-none-eabi/lib/thumb/v7-m/nofp\libc_nano.a(lib_a-exit.o)
 .text          0x00000000        0x0 c:/program files (x86)/gnu arm embedded toolchain/9 2020-q2-update/bin/../lib/gcc/arm-none-eabi/9.3.1/../../../../arm-none-eabi/lib/thumb/v7-m/nofp\libc_nano.a(lib_a-impure.o)
 .data          0x00000000        0x0 c:/program files (x86)/gnu arm embedded toolchain/9 2020-q2-update/bin/../lib/gcc/arm-none-eabi/9.3.1/../../../../arm-none-eabi/lib/thumb/v7-m/nofp\libc_nano.a(lib_a-impure.o)
 .bss           0x00000000        0x0 c:/program files (x86)/gnu arm embedded toolchain/9 2020-q2-update/bin/../lib/gcc/arm-none-eabi/9.3.1/../../../../arm-none-eabi/lib/thumb/v7-m/nofp\libc_nano.a(lib_a-impure.o)
 .data._impure_ptr
                0x00000000        0x4 c:/program files (x86)/gnu arm embedded toolchain/9 2020-q2-update/bin/../lib/gcc/arm-none-eabi/9.3.1/../../../../arm-none-eabi/lib/thumb/v7-m/nofp\libc_nano.a(lib_a-impure.o)
 .data.impure_data
                0x00000000       0x60 c:/program files (x86)/gnu arm embedded toolchain/9 2020-q2-update/bin/../lib/gcc/arm-none-eabi/9.3.1/../../../../arm-none-eabi/lib/thumb/v7-m/nofp\libc_nano.a(lib_a-impure.o)
 .rodata._global_impure_ptr
                0x00000000        0x4 c:/program files (x86)/gnu arm embedded toolchain/9 2020-q2-update/bin/../lib/gcc/arm-none-eabi/9.3.1/../../../../arm-none-eabi/lib/thumb/v7-m/nofp\libc_nano.a(lib_a-impure.o)
 .ARM.attributes
                0x00000000       0x2d c:/program files (x86)/gnu arm embedded toolchain/9 2020-q2-update/bin/../lib/gcc/arm-none-eabi/9.3.1/../../../../arm-none-eabi/lib/thumb/v7-m/nofp\libc_nano.a(lib_a-impure.o)
 .text          0x00000000        0x0 c:/program files (x86)/gnu arm embedded toolchain/9 2020-q2-update/bin/../lib/gcc/arm-none-eabi/9.3.1/../../../../arm-none-eabi/lib/thumb/v7-m/nofp\libc_nano.a(lib_a-init.o)
 .data          0x00000000        0x0 c:/program files (x86)/gnu arm embedded toolchain/9 2020-q2-update/bin/../lib/gcc/arm-none-eabi/9.3.1/../../../../arm-none-eabi/lib/thumb/v7-m/nofp\libc_nano.a(lib_a-init.o)
 .bss           0x00000000        0x0 c:/program files (x86)/gnu arm embedded toolchain/9 2020-q2-update/bin/../lib/gcc/arm-none-eabi/9.3.1/../../../../arm-none-eabi/lib/thumb/v7-m/nofp\libc_nano.a(lib_a-init.o)
 .text.__libc_init_array
                0x00000000       0x48 c:/program files (x86)/gnu arm embedded toolchain/9 2020-q2-update/bin/../lib/gcc/arm-none-eabi/9.3.1/../../../../arm-none-eabi/lib/thumb/v7-m/nofp\libc_nano.a(lib_a-init.o)
 .debug_frame   0x00000000       0x2c c:/program files (x86)/gnu arm embedded toolchain/9 2020-q2-update/bin/../lib/gcc/arm-none-eabi/9.3.1/../../../../arm-none-eabi/lib/thumb/v7-m/nofp\libc_nano.a(lib_a-init.o)
 .ARM.attributes
                0x00000000       0x2d c:/program files (x86)/gnu arm embedded toolchain/9 2020-q2-update/bin/../lib/gcc/arm-none-eabi/9.3.1/../../../../arm-none-eabi/lib/thumb/v7-m/nofp\libc_nano.a(lib_a-init.o)
 .text          0x00000000        0x0 c:/program files (x86)/gnu arm embedded toolchain/9 2020-q2-update/bin/../lib/gcc/arm-none-eabi/9.3.1/../../../../arm-none-eabi/lib/thumb/v7-m/nofp\libc_nano.a(lib_a-memset.o)
 .data          0x00000000        0x0 c:/program files (x86)/gnu arm embedded toolchain/9 2020-q2-update/bin/../lib/gcc/arm-none-eabi/9.3.1/../../../../arm-none-eabi/lib/thumb/v7-m/nofp\libc_nano.a(lib_a-memset.o)
 .bss           0x00000000        0x0 c:/program files (x86)/gnu arm embedded toolchain/9 2020-q2-update/bin/../lib/gcc/arm-none-eabi/9.3.1/../../../../arm-none-eabi/lib/thumb/v7-m/nofp\libc_nano.a(lib_a-memset.o)
 .text.memset   0x00000000       0x10 c:/program files (x86)/gnu arm embedded toolchain/9 2020-q2-update/bin/../lib/gcc/arm-none-eabi/9.3.1/../../../../arm-none-eabi/lib/thumb/v7-m/nofp\libc_nano.a(lib_a-memset.o)
 .debug_frame   0x00000000       0x20 c:/program files (x86)/gnu arm embedded toolchain/9 2020-q2-update/bin/../lib/gcc/arm-none-eabi/9.3.1/../../../../arm-none-eabi/lib/thumb/v7-m/nofp\libc_nano.a(lib_a-memset.o)
 .ARM.attributes
                0x00000000       0x2d c:/program files (x86)/gnu arm embedded toolchain/9 2020-q2-update/bin/../lib/gcc/arm-none-eabi/9.3.1/../../../../arm-none-eabi/lib/thumb/v7-m/nofp\libc_nano.a(lib_a-memset.o)
 .text          0x00000000        0x0 c:/program files (x86)/gnu arm embedded toolchain/9 2020-q2-update/bin/../lib/gcc/arm-none-eabi/9.3.1/../../../../arm-none-eabi/lib/thumb/v7-m/nofp\libnosys.a(_exit.o)
 .data          0x00000000        0x0 c:/program files (x86)/gnu arm embedded toolchain/9 2020-q2-update/bin/../lib/gcc/arm-none-eabi/9.3.1/../../../../arm-none-eabi/lib/thumb/v7-m/nofp\libnosys.a(_exit.o)
 .bss           0x00000000        0x0 c:/program files (x86)/gnu arm embedded toolchain/9 2020-q2-update/bin/../lib/gcc/arm-none-eabi/9.3.1/../../../../arm-none-eabi/lib/thumb/v7-m/nofp\libnosys.a(_exit.o)
 .text._exit    0x00000000        0x4 c:/program files (x86)/gnu arm embedded toolchain/9 2020-q2-update/bin/../lib/gcc/arm-none-eabi/9.3.1/../../../../arm-none-eabi/lib/thumb/v7-m/nofp\libnosys.a(_exit.o)
 .debug_frame   0x00000000       0x20 c:/program files (x86)/gnu arm embedded toolchain/9 2020-q2-update/bin/../lib/gcc/arm-none-eabi/9.3.1/../../../../arm-none-eabi/lib/thumb/v7-m/nofp\libnosys.a(_exit.o)
 .ARM.attributes
                0x00000000       0x2d c:/program files (x86)/gnu arm embedded toolchain/9 2020-q2-update/bin/../lib/gcc/arm-none-eabi/9.3.1/../../../../arm-none-eabi/lib/thumb/v7-m/nofp\libnosys.a(_exit.o)
 .text          0x00000000        0x0 c:/program files (x86)/gnu arm embedded toolchain/9 2020-q2-update/bin/../lib/gcc/arm-none-eabi/9.3.1/thumb/v7-m/nofp/crtend.o
 .data          0x00000000        0x0 c:/program files (x86)/gnu arm embedded toolchain/9 2020-q2-update/bin/../lib/gcc/arm-none-eabi/9.3.1/thumb/v7-m/nofp/crtend.o
 .bss           0x00000000        0x0 c:/program files (x86)/gnu arm embedded toolchain/9 2020-q2-update/bin/../lib/gcc/arm-none-eabi/9.3.1/thumb/v7-m/nofp/crtend.o
 .eh_frame      0x00000000        0x4 c:/program files (x86)/gnu arm embedded toolchain/9 2020-q2-update/bin/../lib/gcc/arm-none-eabi/9.3.1/thumb/v7-m/nofp/crtend.o
 .ARM.attributes
                0x00000000       0x2d c:/program files (x86)/gnu arm embedded toolchain/9 2020-q2-update/bin/../lib/gcc/arm-none-eabi/9.3.1/thumb/v7-m/nofp/crtend.o
 .text          0x00000000        0x0 c:/program files (x86)/gnu arm embedded toolchain/9 2020-q2-update/bin/../lib/gcc/arm-none-eabi/9.3.1/thumb/v7-m/nofp/crtn.o
 .data          0x00000000        0x0 c:/program files (x86)/gnu arm embedded toolchain/9 2020-q2-update/bin/../lib/gcc/arm-none-eabi/9.3.1/thumb/v7-m/nofp/crtn.o
 .bss           0x00000000        0x0 c:/program files (x86)/gnu arm embedded toolchain/9 2020-q2-update/bin/../lib/gcc/arm-none-eabi/9.3.1/thumb/v7-m/nofp/crtn.o

Memory Configuration

Name             Origin             Length             Attributes
RAM              0x20000000         0x00005000         xrw
FLASH            0x08000000         0x00010000         xr
APP_ROM          0x08003000         0x0000d000         xr
*default*        0x00000000         0xffffffff

Linker script and memory map

LOAD c:/program files (x86)/gnu arm embedded toolchain/9 2020-q2-update/bin/../lib/gcc/arm-none-eabi/9.3.1/thumb/v7-m/nofp/crti.o
LOAD c:/program files (x86)/gnu arm embedded toolchain/9 2020-q2-update/bin/../lib/gcc/arm-none-eabi/9.3.1/thumb/v7-m/nofp/crtbegin.o
LOAD c:/program files (x86)/gnu arm embedded toolchain/9 2020-q2-update/bin/../lib/gcc/arm-none-eabi/9.3.1/../../../../arm-none-eabi/lib/thumb/v7-m/nofp/crt0.o
LOAD build/main.o
LOAD build/stm32f10x_it.o
LOAD build/stm32f10x_rcc.o
LOAD build/stm32f10x_gpio.o
LOAD build/stm32f10x_exti.o
LOAD build/system_stm32f10x.o
LOAD build/startup_stm32f10x_md.o
LOAD c:/program files (x86)/gnu arm embedded toolchain/9 2020-q2-update/bin/../lib/gcc/arm-none-eabi/9.3.1/../../../../arm-none-eabi/lib/thumb/v7-m/nofp\libc_nano.a
LOAD c:/program files (x86)/gnu arm embedded toolchain/9 2020-q2-update/bin/../lib/gcc/arm-none-eabi/9.3.1/../../../../arm-none-eabi/lib/thumb/v7-m/nofp\libm.a
LOAD c:/program files (x86)/gnu arm embedded toolchain/9 2020-q2-update/bin/../lib/gcc/arm-none-eabi/9.3.1/../../../../arm-none-eabi/lib/thumb/v7-m/nofp\libnosys.a
START GROUP
LOAD c:/program files (x86)/gnu arm embedded toolchain/9 2020-q2-update/bin/../lib/gcc/arm-none-eabi/9.3.1/thumb/v7-m/nofp\libgcc.a
LOAD c:/program files (x86)/gnu arm embedded toolchain/9 2020-q2-update/bin/../lib/gcc/arm-none-eabi/9.3.1/../../../../arm-none-eabi/lib/thumb/v7-m/nofp\libc_nano.a
END GROUP
START GROUP
LOAD c:/program files (x86)/gnu arm embedded toolchain/9 2020-q2-update/bin/../lib/gcc/arm-none-eabi/9.3.1/thumb/v7-m/nofp\libgcc.a
LOAD c:/program files (x86)/gnu arm embedded toolchain/9 2020-q2-update/bin/../lib/gcc/arm-none-eabi/9.3.1/../../../../arm-none-eabi/lib/thumb/v7-m/nofp\libc_nano.a
END GROUP
LOAD c:/program files (x86)/gnu arm embedded toolchain/9 2020-q2-update/bin/../lib/gcc/arm-none-eabi/9.3.1/thumb/v7-m/nofp/crtend.o
LOAD c:/program files (x86)/gnu arm embedded toolchain/9 2020-q2-update/bin/../lib/gcc/arm-none-eabi/9.3.1/thumb/v7-m/nofp/crtn.o
                0x20005000                _estack = 0x20005000
                0x00000200                _Min_Heap_Size = 0x200
                0x00000400                _Min_Stack_Size = 0x400
                0x08003000                _APP_VECTOR_TABLE = ORIGIN (APP_ROM)

.isr_vector     0x08003000      0x10c
                0x08003000                . = ALIGN (0x4)
 *(.isr_vector)
 .isr_vector    0x08003000      0x10c build/startup_stm32f10x_md.o
                0x08003000                g_pfnVectors
                0x0800310c                . = ALIGN (0x4)

.text           0x0800310c      0x388
                0x0800310c                . = ALIGN (0x4)
 *(.text)
 .text          0x0800310c       0x40 c:/program files (x86)/gnu arm embedded toolchain/9 2020-q2-update/bin/../lib/gcc/arm-none-eabi/9.3.1/thumb/v7-m/nofp/crtbegin.o
 *(.text*)
 .text.app_clockInit
                0x0800314c        0xc build/main.o
                0x0800314c                app_clockInit
 .text.app_gpioInit
                0x08003158       0x2c build/main.o
                0x08003158                app_gpioInit
 .text.main_app
                0x08003184       0x54 build/main.o
                0x08003184                main_app
 .text.main     0x080031d8       0x24 build/main.o
                0x080031d8                main
 .text.NMI_Handler
                0x080031fc        0x2 build/stm32f10x_it.o
                0x080031fc                NMI_Handler
 .text.HardFault_Handler
                0x080031fe        0x2 build/stm32f10x_it.o
                0x080031fe                HardFault_Handler
 .text.MemManage_Handler
                0x08003200        0x2 build/stm32f10x_it.o
                0x08003200                MemManage_Handler
 .text.BusFault_Handler
                0x08003202        0x2 build/stm32f10x_it.o
                0x08003202                BusFault_Handler
 .text.UsageFault_Handler
                0x08003204        0x2 build/stm32f10x_it.o
                0x08003204                UsageFault_Handler
 .text.SVC_Handler
                0x08003206        0x2 build/stm32f10x_it.o
                0x08003206                SVC_Handler
 .text.DebugMon_Handler
                0x08003208        0x2 build/stm32f10x_it.o
                0x08003208                DebugMon_Handler
 .text.PendSV_Handler
                0x0800320a        0x2 build/stm32f10x_it.o
                0x0800320a                PendSV_Handler
 .text.SysTick_Handler
                0x0800320c       0x40 build/stm32f10x_it.o
                0x0800320c                SysTick_Handler
 .text.RCC_APB2PeriphClockCmd
                0x0800324c       0x1c build/stm32f10x_rcc.o
                0x0800324c                RCC_APB2PeriphClockCmd
 .text.GPIO_Init
                0x08003268       0x9e build/stm32f10x_gpio.o
                0x08003268                GPIO_Init
 .text.GPIO_ReadOutputDataBit
                0x08003306        0xe build/stm32f10x_gpio.o
                0x08003306                GPIO_ReadOutputDataBit
 .text.GPIO_SetBits
                0x08003314        0x4 build/stm32f10x_gpio.o
                0x08003314                GPIO_SetBits
 .text.GPIO_WriteBit
                0x08003318        0xa build/stm32f10x_gpio.o
                0x08003318                GPIO_WriteBit
 *fill*         0x08003322        0x2 
 .text.SetSysClockTo72
                0x08003324       0xc4 build/system_stm32f10x.o
 .text.SetSysClock
                0x080033e8        0x8 build/system_stm32f10x.o
 .text.SystemInit
                0x080033f0       0x44 build/system_stm32f10x.o
                0x080033f0                SystemInit
 .text.Reset_Handler
                0x08003434       0x44 build/startup_stm32f10x_md.o
                0x08003434                Reset_Handler
 .text.Default_Handler
                0x08003478        0x2 build/startup_stm32f10x_md.o
                0x08003478                EXTI2_IRQHandler
                0x08003478                TIM1_CC_IRQHandler
                0x08003478                PVD_IRQHandler
                0x08003478                EXTI3_IRQHandler
                0x08003478                EXTI0_IRQHandler
                0x08003478                I2C2_EV_IRQHandler
                0x08003478                ADC1_2_IRQHandler
                0x08003478                SPI1_IRQHandler
                0x08003478                TAMPER_IRQHandler
                0x08003478                DMA1_Channel4_IRQHandler
                0x08003478                USART3_IRQHandler
                0x08003478                RTC_IRQHandler
                0x08003478                DMA1_Channel7_IRQHandler
                0x08003478                CAN1_RX1_IRQHandler
                0x08003478                TIM4_IRQHandler
                0x08003478                I2C1_EV_IRQHandler
                0x08003478                DMA1_Channel6_IRQHandler
                0x08003478                TIM3_IRQHandler
                0x08003478                RCC_IRQHandler
                0x08003478                TIM1_TRG_COM_IRQHandler
                0x08003478                DMA1_Channel1_IRQHandler
                0x08003478                Default_Handler
                0x08003478                EXTI15_10_IRQHandler
                0x08003478                EXTI9_5_IRQHandler
                0x08003478                SPI2_IRQHandler
                0x08003478                DMA1_Channel5_IRQHandler
                0x08003478                EXTI4_IRQHandler
                0x08003478                USB_LP_CAN1_RX0_IRQHandler
                0x08003478                USB_HP_CAN1_TX_IRQHandler
                0x08003478                DMA1_Channel3_IRQHandler
                0x08003478                TIM1_UP_IRQHandler
                0x08003478                WWDG_IRQHandler
                0x08003478                TIM2_IRQHandler
                0x08003478                TIM1_BRK_IRQHandler
                0x08003478                EXTI1_IRQHandler
                0x08003478                RTCAlarm_IRQHandler
                0x08003478                USART2_IRQHandler
                0x08003478                I2C2_ER_IRQHandler
                0x08003478                DMA1_Channel2_IRQHandler
                0x08003478                CAN1_SCE_IRQHandler
                0x08003478                FLASH_IRQHandler
                0x08003478                USART1_IRQHandler
                0x08003478                I2C1_ER_IRQHandler
                0x08003478                USBWakeUp_IRQHandler
 *(.glue_7)
 .glue_7        0x0800347a        0x0 linker stubs
 *(.glue_7t)
 .glue_7t       0x0800347a        0x0 linker stubs
 *(.eh_frame)
 *fill*         0x0800347a        0x2 
 .eh_frame      0x0800347c        0x0 c:/program files (x86)/gnu arm embedded toolchain/9 2020-q2-update/bin/../lib/gcc/arm-none-eabi/9.3.1/thumb/v7-m/nofp/crtbegin.o
 *(.init)
 .init          0x0800347c        0x4 c:/program files (x86)/gnu arm embedded toolchain/9 2020-q2-update/bin/../lib/gcc/arm-none-eabi/9.3.1/thumb/v7-m/nofp/crti.o
                0x0800347c                _init
 .init          0x08003480        0x8 c:/program files (x86)/gnu arm embedded toolchain/9 2020-q2-update/bin/../lib/gcc/arm-none-eabi/9.3.1/thumb/v7-m/nofp/crtn.o
 *(.fini)
 .fini          0x08003488        0x4 c:/program files (x86)/gnu arm embedded toolchain/9 2020-q2-update/bin/../lib/gcc/arm-none-eabi/9.3.1/thumb/v7-m/nofp/crti.o
                0x08003488                _fini
 .fini          0x0800348c        0x8 c:/program files (x86)/gnu arm embedded toolchain/9 2020-q2-update/bin/../lib/gcc/arm-none-eabi/9.3.1/thumb/v7-m/nofp/crtn.o
                0x08003494                . = ALIGN (0x4)
                0x08003494                _etext = .

.vfp11_veneer   0x08003494        0x0
 .vfp11_veneer  0x08003494        0x0 linker stubs

.v4_bx          0x08003494        0x0
 .v4_bx         0x08003494        0x0 linker stubs

.iplt           0x08003494        0x0
 .iplt          0x08003494        0x0 c:/program files (x86)/gnu arm embedded toolchain/9 2020-q2-update/bin/../lib/gcc/arm-none-eabi/9.3.1/thumb/v7-m/nofp/crtbegin.o

.rel.dyn        0x08003494        0x0
 .rel.iplt      0x08003494        0x0 c:/program files (x86)/gnu arm embedded toolchain/9 2020-q2-update/bin/../lib/gcc/arm-none-eabi/9.3.1/thumb/v7-m/nofp/crtbegin.o

.rodata         0x08003494        0x0
                0x08003494                . = ALIGN (0x4)
 *(.rodata)
 *(.rodata*)
                0x08003494                . = ALIGN (0x4)

.ARM.extab
 *(.ARM.extab* .gnu.linkonce.armextab.*)

.ARM            0x08003494        0x0
                0x08003494                __exidx_start = .
 *(.ARM.exidx*)
                0x08003494                __exidx_end = .

.preinit_array  0x08003494        0x0
                0x08003494                PROVIDE (__preinit_array_start = .)
 *(.preinit_array*)
                0x08003494                PROVIDE (__preinit_array_end = .)

.init_array     0x08003494        0x4
                0x08003494                PROVIDE (__init_array_start = .)
 *(SORT_BY_NAME(.init_array.*))
 *(.init_array*)
 .init_array    0x08003494        0x4 c:/program files (x86)/gnu arm embedded toolchain/9 2020-q2-update/bin/../lib/gcc/arm-none-eabi/9.3.1/thumb/v7-m/nofp/crtbegin.o
                0x08003498                PROVIDE (__init_array_end = .)

.fini_array     0x08003498        0x4
                [!provide]                PROVIDE (__fini_array_start = .)
 *(SORT_BY_NAME(.fini_array.*))
 *(.fini_array*)
 .fini_array    0x08003498        0x4 c:/program files (x86)/gnu arm embedded toolchain/9 2020-q2-update/bin/../lib/gcc/arm-none-eabi/9.3.1/thumb/v7-m/nofp/crtbegin.o
                [!provide]                PROVIDE (__fini_array_end = .)
                0x0800349c                _sidata = LOADADDR (.data)

.data           0x20000000        0x4 load address 0x0800349c
                0x20000000                . = ALIGN (0x4)
                0x20000000                _sdata = .
 *(.data)
 *(.data*)
 .data.SystemCoreClock
                0x20000000        0x4 build/system_stm32f10x.o
                0x20000000                SystemCoreClock
                0x20000004                . = ALIGN (0x4)
                0x20000004                _edata = .

.igot.plt       0x20000004        0x0 load address 0x080034a0
 .igot.plt      0x20000004        0x0 c:/program files (x86)/gnu arm embedded toolchain/9 2020-q2-update/bin/../lib/gcc/arm-none-eabi/9.3.1/thumb/v7-m/nofp/crtbegin.o
                0x20000004                . = ALIGN (0x4)

.bss            0x20000004       0x20 load address 0x080034a0
                0x20000004                _sbss = .
                0x20000004                __bss_start__ = _sbss
 *(.bss)
 .bss           0x20000004       0x1c c:/program files (x86)/gnu arm embedded toolchain/9 2020-q2-update/bin/../lib/gcc/arm-none-eabi/9.3.1/thumb/v7-m/nofp/crtbegin.o
 *(.bss*)
 .bss.cnt.6808  0x20000020        0x2 build/stm32f10x_it.o
 *(COMMON)
                0x20000024                . = ALIGN (0x4)
 *fill*         0x20000022        0x2 
                0x20000024                _ebss = .
                0x20000024                __bss_end__ = _ebss

._user_heap_stack
                0x20000024      0x604 load address 0x080034a0
                0x20000028                . = ALIGN (0x8)
 *fill*         0x20000024        0x4 
                [!provide]                PROVIDE (end = .)
                [!provide]                PROVIDE (_end = .)
                0x20000228                . = (. + _Min_Heap_Size)
 *fill*         0x20000028      0x200 
                0x20000628                . = (. + _Min_Stack_Size)
 *fill*         0x20000228      0x400 
                0x20000628                . = ALIGN (0x8)

/DISCARD/
 libc.a(*)
 libm.a(*)
 libgcc.a(*)

.ARM.attributes
                0x00000000       0x29
 *(.ARM.attributes)
 .ARM.attributes
                0x00000000       0x1d c:/program files (x86)/gnu arm embedded toolchain/9 2020-q2-update/bin/../lib/gcc/arm-none-eabi/9.3.1/thumb/v7-m/nofp/crti.o
 .ARM.attributes
                0x0000001d       0x2d c:/program files (x86)/gnu arm embedded toolchain/9 2020-q2-update/bin/../lib/gcc/arm-none-eabi/9.3.1/thumb/v7-m/nofp/crtbegin.o
 .ARM.attributes
                0x0000004a       0x2d build/main.o
 .ARM.attributes
                0x00000077       0x2d build/stm32f10x_it.o
 .ARM.attributes
                0x000000a4       0x2d build/stm32f10x_rcc.o
 .ARM.attributes
                0x000000d1       0x2d build/stm32f10x_gpio.o
 .ARM.attributes
                0x000000fe       0x2d build/system_stm32f10x.o
 .ARM.attributes
                0x0000012b       0x21 build/startup_stm32f10x_md.o
 .ARM.attributes
                0x0000014c       0x1d c:/program files (x86)/gnu arm embedded toolchain/9 2020-q2-update/bin/../lib/gcc/arm-none-eabi/9.3.1/thumb/v7-m/nofp/crtn.o
OUTPUT(build/main.elf elf32-littlearm)
LOAD linker stubs
LOAD c:/program files (x86)/gnu arm embedded toolchain/9 2020-q2-update/bin/../lib/gcc/arm-none-eabi/9.3.1/../../../../arm-none-eabi/lib/thumb/v7-m/nofp\libc.a
LOAD c:/program files (x86)/gnu arm embedded toolchain/9 2020-q2-update/bin/../lib/gcc/arm-none-eabi/9.3.1/../../../../arm-none-eabi/lib/thumb/v7-m/nofp\libm.a
LOAD c:/program files (x86)/gnu arm embedded toolchain/9 2020-q2-update/bin/../lib/gcc/arm-none-eabi/9.3.1/thumb/v7-m/nofp\libgcc.a

.debug_info     0x00000000     0x2413
 .debug_info    0x00000000      0x98f build/main.o
 .debug_info    0x0000098f      0x2b1 build/stm32f10x_it.o
 .debug_info    0x00000c40      0xa5d build/stm32f10x_rcc.o
 .debug_info    0x0000169d      0x9c3 build/stm32f10x_gpio.o
 .debug_info    0x00002060      0x391 build/system_stm32f10x.o
 .debug_info    0x000023f1       0x22 build/startup_stm32f10x_md.o

.debug_abbrev   0x00000000      0xa10
 .debug_abbrev  0x00000000      0x270 build/main.o
 .debug_abbrev  0x00000270      0x127 build/stm32f10x_it.o
 .debug_abbrev  0x00000397      0x266 build/stm32f10x_rcc.o
 .debug_abbrev  0x000005fd      0x265 build/stm32f10x_gpio.o
 .debug_abbrev  0x00000862      0x19c build/system_stm32f10x.o
 .debug_abbrev  0x000009fe       0x12 build/startup_stm32f10x_md.o

.debug_loc      0x00000000     0x1049
 .debug_loc     0x00000000      0x111 build/main.o
 .debug_loc     0x00000111       0x20 build/stm32f10x_it.o
 .debug_loc     0x00000131      0x6c4 build/stm32f10x_rcc.o
 .debug_loc     0x000007f5      0x6dd build/stm32f10x_gpio.o
 .debug_loc     0x00000ed2      0x177 build/system_stm32f10x.o

.debug_aranges  0x00000000      0x2b8
 .debug_aranges
                0x00000000       0x38 build/main.o
 .debug_aranges
                0x00000038       0x60 build/stm32f10x_it.o
 .debug_aranges
                0x00000098      0x118 build/stm32f10x_rcc.o
 .debug_aranges
                0x000001b0       0xa8 build/stm32f10x_gpio.o
 .debug_aranges
                0x00000258       0x38 build/system_stm32f10x.o
 .debug_aranges
                0x00000290       0x28 build/startup_stm32f10x_md.o

.debug_ranges   0x00000000      0x260
 .debug_ranges  0x00000000       0x28 build/main.o
 .debug_ranges  0x00000028       0x50 build/stm32f10x_it.o
 .debug_ranges  0x00000078      0x108 build/stm32f10x_rcc.o
 .debug_ranges  0x00000180       0x98 build/stm32f10x_gpio.o
 .debug_ranges  0x00000218       0x28 build/system_stm32f10x.o
 .debug_ranges  0x00000240       0x20 build/startup_stm32f10x_md.o

.debug_line     0x00000000     0x1ad6
 .debug_line    0x00000000      0x2fc build/main.o
 .debug_line    0x000002fc      0x2f2 build/stm32f10x_it.o
 .debug_line    0x000005ee      0x8f1 build/stm32f10x_rcc.o
 .debug_line    0x00000edf      0x748 build/stm32f10x_gpio.o
 .debug_line    0x00001627      0x3fe build/system_stm32f10x.o
 .debug_line    0x00001a25       0xb1 build/startup_stm32f10x_md.o

.debug_str      0x00000000      0xf46
 .debug_str     0x00000000      0x705 build/main.o
                                0x760 (size before relaxing)
 .debug_str     0x00000705       0xc8 build/stm32f10x_it.o
                                0x282 (size before relaxing)
 .debug_str     0x000007cd      0x45b build/stm32f10x_rcc.o
                                0x651 (size before relaxing)
 .debug_str     0x00000c28      0x219 build/stm32f10x_gpio.o
                                0x567 (size before relaxing)
 .debug_str     0x00000e41       0xa1 build/system_stm32f10x.o
                                0x2bf (size before relaxing)
 .debug_str     0x00000ee2       0x64 build/startup_stm32f10x_md.o
                                 0x84 (size before relaxing)

.comment        0x00000000       0x4c
 .comment       0x00000000       0x4c build/main.o
                                 0x4d (size before relaxing)
 .comment       0x0000004c       0x4d build/stm32f10x_it.o
 .comment       0x0000004c       0x4d build/stm32f10x_rcc.o
 .comment       0x0000004c       0x4d build/stm32f10x_gpio.o
 .comment       0x0000004c       0x4d build/system_stm32f10x.o

.debug_frame    0x00000000      0x520
 .debug_frame   0x00000000       0x74 build/main.o
 .debug_frame   0x00000074       0xa8 build/stm32f10x_it.o
 .debug_frame   0x0000011c      0x228 build/stm32f10x_rcc.o
 .debug_frame   0x00000344      0x170 build/stm32f10x_gpio.o
 .debug_frame   0x000004b4       0x6c build/system_stm32f10x.o

Cross Reference Table

Symbol                                            File
ADC1_2_IRQHandler                                 build/startup_stm32f10x_md.o
AHBPrescTable                                     build/system_stm32f10x.o
BusFault_Handler                                  build/stm32f10x_it.o
CAN1_RX1_IRQHandler                               build/startup_stm32f10x_md.o
CAN1_SCE_IRQHandler                               build/startup_stm32f10x_md.o
DMA1_Channel1_IRQHandler                          build/startup_stm32f10x_md.o
DMA1_Channel2_IRQHandler                          build/startup_stm32f10x_md.o
DMA1_Channel3_IRQHandler                          build/startup_stm32f10x_md.o
DMA1_Channel4_IRQHandler                          build/startup_stm32f10x_md.o
DMA1_Channel5_IRQHandler                          build/startup_stm32f10x_md.o
DMA1_Channel6_IRQHandler                          build/startup_stm32f10x_md.o
DMA1_Channel7_IRQHandler                          build/startup_stm32f10x_md.o
DebugMon_Handler                                  build/stm32f10x_it.o
Default_Handler                                   build/startup_stm32f10x_md.o
EXTI0_IRQHandler                                  build/startup_stm32f10x_md.o
EXTI15_10_IRQHandler                              build/startup_stm32f10x_md.o
EXTI1_IRQHandler                                  build/startup_stm32f10x_md.o
EXTI2_IRQHandler                                  build/startup_stm32f10x_md.o
EXTI3_IRQHandler                                  build/startup_stm32f10x_md.o
EXTI4_IRQHandler                                  build/startup_stm32f10x_md.o
EXTI9_5_IRQHandler                                build/startup_stm32f10x_md.o
EXTI_ClearFlag                                    build/stm32f10x_exti.o
EXTI_ClearITPendingBit                            build/stm32f10x_exti.o
EXTI_DeInit                                       build/stm32f10x_exti.o
EXTI_GenerateSWInterrupt                          build/stm32f10x_exti.o
EXTI_GetFlagStatus                                build/stm32f10x_exti.o
EXTI_GetITStatus                                  build/stm32f10x_exti.o
EXTI_Init                                         build/stm32f10x_exti.o
EXTI_StructInit                                   build/stm32f10x_exti.o
FLASH_IRQHandler                                  build/startup_stm32f10x_md.o
GPIO_AFIODeInit                                   build/stm32f10x_gpio.o
GPIO_DeInit                                       build/stm32f10x_gpio.o
GPIO_ETH_MediaInterfaceConfig                     build/stm32f10x_gpio.o
GPIO_EXTILineConfig                               build/stm32f10x_gpio.o
GPIO_EventOutputCmd                               build/stm32f10x_gpio.o
GPIO_EventOutputConfig                            build/stm32f10x_gpio.o
GPIO_Init                                         build/stm32f10x_gpio.o
                                                  build/main.o
GPIO_PinLockConfig                                build/stm32f10x_gpio.o
GPIO_PinRemapConfig                               build/stm32f10x_gpio.o
GPIO_ReadInputData                                build/stm32f10x_gpio.o
GPIO_ReadInputDataBit                             build/stm32f10x_gpio.o
GPIO_ReadOutputData                               build/stm32f10x_gpio.o
GPIO_ReadOutputDataBit                            build/stm32f10x_gpio.o
                                                  build/stm32f10x_it.o
GPIO_ResetBits                                    build/stm32f10x_gpio.o
GPIO_SetBits                                      build/stm32f10x_gpio.o
                                                  build/main.o
GPIO_StructInit                                   build/stm32f10x_gpio.o
GPIO_Write                                        build/stm32f10x_gpio.o
GPIO_WriteBit                                     build/stm32f10x_gpio.o
                                                  build/stm32f10x_it.o
HardFault_Handler                                 build/stm32f10x_it.o
I2C1_ER_IRQHandler                                build/startup_stm32f10x_md.o
I2C1_EV_IRQHandler                                build/startup_stm32f10x_md.o
I2C2_ER_IRQHandler                                build/startup_stm32f10x_md.o
I2C2_EV_IRQHandler                                build/startup_stm32f10x_md.o
MemManage_Handler                                 build/stm32f10x_it.o
NMI_Handler                                       build/stm32f10x_it.o
PVD_IRQHandler                                    build/startup_stm32f10x_md.o
PendSV_Handler                                    build/stm32f10x_it.o
RCC_ADCCLKConfig                                  build/stm32f10x_rcc.o
RCC_AHBPeriphClockCmd                             build/stm32f10x_rcc.o
RCC_APB1PeriphClockCmd                            build/stm32f10x_rcc.o
RCC_APB1PeriphResetCmd                            build/stm32f10x_rcc.o
RCC_APB2PeriphClockCmd                            build/stm32f10x_rcc.o
                                                  build/main.o
RCC_APB2PeriphResetCmd                            build/stm32f10x_rcc.o
                                                  build/stm32f10x_gpio.o
RCC_AdjustHSICalibrationValue                     build/stm32f10x_rcc.o
RCC_BackupResetCmd                                build/stm32f10x_rcc.o
RCC_ClearFlag                                     build/stm32f10x_rcc.o
RCC_ClearITPendingBit                             build/stm32f10x_rcc.o
RCC_ClockSecuritySystemCmd                        build/stm32f10x_rcc.o
RCC_DeInit                                        build/stm32f10x_rcc.o
RCC_GetClocksFreq                                 build/stm32f10x_rcc.o
RCC_GetFlagStatus                                 build/stm32f10x_rcc.o
RCC_GetITStatus                                   build/stm32f10x_rcc.o
RCC_GetSYSCLKSource                               build/stm32f10x_rcc.o
RCC_HCLKConfig                                    build/stm32f10x_rcc.o
RCC_HSEConfig                                     build/stm32f10x_rcc.o
RCC_HSICmd                                        build/stm32f10x_rcc.o
RCC_IRQHandler                                    build/startup_stm32f10x_md.o
RCC_ITConfig                                      build/stm32f10x_rcc.o
RCC_LSEConfig                                     build/stm32f10x_rcc.o
RCC_LSICmd                                        build/stm32f10x_rcc.o
RCC_MCOConfig                                     build/stm32f10x_rcc.o
RCC_PCLK1Config                                   build/stm32f10x_rcc.o
RCC_PCLK2Config                                   build/stm32f10x_rcc.o
RCC_PLLCmd                                        build/stm32f10x_rcc.o
RCC_PLLConfig                                     build/stm32f10x_rcc.o
RCC_RTCCLKCmd                                     build/stm32f10x_rcc.o
RCC_RTCCLKConfig                                  build/stm32f10x_rcc.o
RCC_SYSCLKConfig                                  build/stm32f10x_rcc.o
RCC_USBCLKConfig                                  build/stm32f10x_rcc.o
RCC_WaitForHSEStartUp                             build/stm32f10x_rcc.o
RTCAlarm_IRQHandler                               build/startup_stm32f10x_md.o
RTC_IRQHandler                                    build/startup_stm32f10x_md.o
Reset_Handler                                     build/startup_stm32f10x_md.o
SPI1_IRQHandler                                   build/startup_stm32f10x_md.o
SPI2_IRQHandler                                   build/startup_stm32f10x_md.o
SVC_Handler                                       build/stm32f10x_it.o
SysTick_Handler                                   build/stm32f10x_it.o
SystemCoreClock                                   build/system_stm32f10x.o
                                                  build/main.o
SystemCoreClockUpdate                             build/system_stm32f10x.o
SystemInit                                        build/system_stm32f10x.o
                                                  build/startup_stm32f10x_md.o
TAMPER_IRQHandler                                 build/startup_stm32f10x_md.o
TIM1_BRK_IRQHandler                               build/startup_stm32f10x_md.o
TIM1_CC_IRQHandler                                build/startup_stm32f10x_md.o
TIM1_TRG_COM_IRQHandler                           build/startup_stm32f10x_md.o
TIM1_UP_IRQHandler                                build/startup_stm32f10x_md.o
TIM2_IRQHandler                                   build/startup_stm32f10x_md.o
TIM3_IRQHandler                                   build/startup_stm32f10x_md.o
TIM4_IRQHandler                                   build/startup_stm32f10x_md.o
USART1_IRQHandler                                 build/startup_stm32f10x_md.o
USART2_IRQHandler                                 build/startup_stm32f10x_md.o
USART3_IRQHandler                                 build/startup_stm32f10x_md.o
USBWakeUp_IRQHandler                              build/startup_stm32f10x_md.o
USB_HP_CAN1_TX_IRQHandler                         build/startup_stm32f10x_md.o
USB_LP_CAN1_RX0_IRQHandler                        build/startup_stm32f10x_md.o
UsageFault_Handler                                build/stm32f10x_it.o
WWDG_IRQHandler                                   build/startup_stm32f10x_md.o
_APP_VECTOR_TABLE                                 build/main.o
__bss_end__                                       c:/program files (x86)/gnu arm embedded toolchain/9 2020-q2-update/bin/../lib/gcc/arm-none-eabi/9.3.1/../../../../arm-none-eabi/lib/thumb/v7-m/nofp/crt0.o
__bss_start__                                     c:/program files (x86)/gnu arm embedded toolchain/9 2020-q2-update/bin/../lib/gcc/arm-none-eabi/9.3.1/../../../../arm-none-eabi/lib/thumb/v7-m/nofp/crt0.o
__call_exitprocs                                  c:/program files (x86)/gnu arm embedded toolchain/9 2020-q2-update/bin/../lib/gcc/arm-none-eabi/9.3.1/../../../../arm-none-eabi/lib/thumb/v7-m/nofp\libc_nano.a(lib_a-exit.o)
__deregister_frame_info                           c:/program files (x86)/gnu arm embedded toolchain/9 2020-q2-update/bin/../lib/gcc/arm-none-eabi/9.3.1/thumb/v7-m/nofp/crtbegin.o
__dso_handle                                      c:/program files (x86)/gnu arm embedded toolchain/9 2020-q2-update/bin/../lib/gcc/arm-none-eabi/9.3.1/thumb/v7-m/nofp/crtbegin.o
__init_array_end                                  c:/program files (x86)/gnu arm embedded toolchain/9 2020-q2-update/bin/../lib/gcc/arm-none-eabi/9.3.1/../../../../arm-none-eabi/lib/thumb/v7-m/nofp\libc_nano.a(lib_a-init.o)
__init_array_start                                c:/program files (x86)/gnu arm embedded toolchain/9 2020-q2-update/bin/../lib/gcc/arm-none-eabi/9.3.1/../../../../arm-none-eabi/lib/thumb/v7-m/nofp\libc_nano.a(lib_a-init.o)
__libc_fini_array                                 c:/program files (x86)/gnu arm embedded toolchain/9 2020-q2-update/bin/../lib/gcc/arm-none-eabi/9.3.1/../../../../arm-none-eabi/lib/thumb/v7-m/nofp/crt0.o
__libc_init_array                                 c:/program files (x86)/gnu arm embedded toolchain/9 2020-q2-update/bin/../lib/gcc/arm-none-eabi/9.3.1/../../../../arm-none-eabi/lib/thumb/v7-m/nofp\libc_nano.a(lib_a-init.o)
                                                  c:/program files (x86)/gnu arm embedded toolchain/9 2020-q2-update/bin/../lib/gcc/arm-none-eabi/9.3.1/../../../../arm-none-eabi/lib/thumb/v7-m/nofp/crt0.o
__preinit_array_end                               c:/program files (x86)/gnu arm embedded toolchain/9 2020-q2-update/bin/../lib/gcc/arm-none-eabi/9.3.1/../../../../arm-none-eabi/lib/thumb/v7-m/nofp\libc_nano.a(lib_a-init.o)
__preinit_array_start                             c:/program files (x86)/gnu arm embedded toolchain/9 2020-q2-update/bin/../lib/gcc/arm-none-eabi/9.3.1/../../../../arm-none-eabi/lib/thumb/v7-m/nofp\libc_nano.a(lib_a-init.o)
__register_frame_info                             c:/program files (x86)/gnu arm embedded toolchain/9 2020-q2-update/bin/../lib/gcc/arm-none-eabi/9.3.1/thumb/v7-m/nofp/crtbegin.o
__sf_fake_stderr                                  c:/program files (x86)/gnu arm embedded toolchain/9 2020-q2-update/bin/../lib/gcc/arm-none-eabi/9.3.1/../../../../arm-none-eabi/lib/thumb/v7-m/nofp\libc_nano.a(lib_a-impure.o)
__sf_fake_stdin                                   c:/program files (x86)/gnu arm embedded toolchain/9 2020-q2-update/bin/../lib/gcc/arm-none-eabi/9.3.1/../../../../arm-none-eabi/lib/thumb/v7-m/nofp\libc_nano.a(lib_a-impure.o)
__sf_fake_stdout                                  c:/program files (x86)/gnu arm embedded toolchain/9 2020-q2-update/bin/../lib/gcc/arm-none-eabi/9.3.1/../../../../arm-none-eabi/lib/thumb/v7-m/nofp\libc_nano.a(lib_a-impure.o)
__stack                                           c:/program files (x86)/gnu arm embedded toolchain/9 2020-q2-update/bin/../lib/gcc/arm-none-eabi/9.3.1/../../../../arm-none-eabi/lib/thumb/v7-m/nofp/crt0.o
_ebss                                             build/startup_stm32f10x_md.o
_edata                                            build/startup_stm32f10x_md.o
_estack                                           build/startup_stm32f10x_md.o
                                                  build/main.o
_exit                                             c:/program files (x86)/gnu arm embedded toolchain/9 2020-q2-update/bin/../lib/gcc/arm-none-eabi/9.3.1/../../../../arm-none-eabi/lib/thumb/v7-m/nofp\libnosys.a(_exit.o)
                                                  c:/program files (x86)/gnu arm embedded toolchain/9 2020-q2-update/bin/../lib/gcc/arm-none-eabi/9.3.1/../../../../arm-none-eabi/lib/thumb/v7-m/nofp\libc_nano.a(lib_a-exit.o)
_fini                                             c:/program files (x86)/gnu arm embedded toolchain/9 2020-q2-update/bin/../lib/gcc/arm-none-eabi/9.3.1/thumb/v7-m/nofp/crti.o
_global_impure_ptr                                c:/program files (x86)/gnu arm embedded toolchain/9 2020-q2-update/bin/../lib/gcc/arm-none-eabi/9.3.1/../../../../arm-none-eabi/lib/thumb/v7-m/nofp\libc_nano.a(lib_a-impure.o)
                                                  c:/program files (x86)/gnu arm embedded toolchain/9 2020-q2-update/bin/../lib/gcc/arm-none-eabi/9.3.1/../../../../arm-none-eabi/lib/thumb/v7-m/nofp\libc_nano.a(lib_a-exit.o)
_impure_ptr                                       c:/program files (x86)/gnu arm embedded toolchain/9 2020-q2-update/bin/../lib/gcc/arm-none-eabi/9.3.1/../../../../arm-none-eabi/lib/thumb/v7-m/nofp\libc_nano.a(lib_a-impure.o)
_init                                             c:/program files (x86)/gnu arm embedded toolchain/9 2020-q2-update/bin/../lib/gcc/arm-none-eabi/9.3.1/thumb/v7-m/nofp/crti.o
                                                  c:/program files (x86)/gnu arm embedded toolchain/9 2020-q2-update/bin/../lib/gcc/arm-none-eabi/9.3.1/../../../../arm-none-eabi/lib/thumb/v7-m/nofp\libc_nano.a(lib_a-init.o)
_mainCRTStartup                                   c:/program files (x86)/gnu arm embedded toolchain/9 2020-q2-update/bin/../lib/gcc/arm-none-eabi/9.3.1/../../../../arm-none-eabi/lib/thumb/v7-m/nofp/crt0.o
_sbss                                             build/startup_stm32f10x_md.o
_sdata                                            build/startup_stm32f10x_md.o
_sidata                                           build/startup_stm32f10x_md.o
_stack_init                                       c:/program files (x86)/gnu arm embedded toolchain/9 2020-q2-update/bin/../lib/gcc/arm-none-eabi/9.3.1/../../../../arm-none-eabi/lib/thumb/v7-m/nofp/crt0.o
_start                                            c:/program files (x86)/gnu arm embedded toolchain/9 2020-q2-update/bin/../lib/gcc/arm-none-eabi/9.3.1/../../../../arm-none-eabi/lib/thumb/v7-m/nofp/crt0.o
app_clockInit                                     build/main.o
app_gpioInit                                      build/main.o
atexit                                            c:/program files (x86)/gnu arm embedded toolchain/9 2020-q2-update/bin/../lib/gcc/arm-none-eabi/9.3.1/../../../../arm-none-eabi/lib/thumb/v7-m/nofp/crt0.o
exit                                              c:/program files (x86)/gnu arm embedded toolchain/9 2020-q2-update/bin/../lib/gcc/arm-none-eabi/9.3.1/../../../../arm-none-eabi/lib/thumb/v7-m/nofp\libc_nano.a(lib_a-exit.o)
                                                  c:/program files (x86)/gnu arm embedded toolchain/9 2020-q2-update/bin/../lib/gcc/arm-none-eabi/9.3.1/../../../../arm-none-eabi/lib/thumb/v7-m/nofp/crt0.o
g_pfnVectors                                      build/startup_stm32f10x_md.o
hardware_init_hook                                c:/program files (x86)/gnu arm embedded toolchain/9 2020-q2-update/bin/../lib/gcc/arm-none-eabi/9.3.1/../../../../arm-none-eabi/lib/thumb/v7-m/nofp/crt0.o
main                                              build/main.o
                                                  build/startup_stm32f10x_md.o
                                                  c:/program files (x86)/gnu arm embedded toolchain/9 2020-q2-update/bin/../lib/gcc/arm-none-eabi/9.3.1/../../../../arm-none-eabi/lib/thumb/v7-m/nofp/crt0.o
main_app                                          build/main.o
memset                                            c:/program files (x86)/gnu arm embedded toolchain/9 2020-q2-update/bin/../lib/gcc/arm-none-eabi/9.3.1/../../../../arm-none-eabi/lib/thumb/v7-m/nofp\libc_nano.a(lib_a-memset.o)
                                                  c:/program files (x86)/gnu arm embedded toolchain/9 2020-q2-update/bin/../lib/gcc/arm-none-eabi/9.3.1/../../../../arm-none-eabi/lib/thumb/v7-m/nofp/crt0.o
software_init_hook                                c:/program files (x86)/gnu arm embedded toolchain/9 2020-q2-update/bin/../lib/gcc/arm-none-eabi/9.3.1/../../../../arm-none-eabi/lib/thumb/v7-m/nofp/crt0.o
